[   21222ms] [ERROR] Failed to load resource: net::ERR_ACCESS_DENIED @ https://data.streamlit.io/metrics.json:0
[   21222ms] [ERROR] Failed to fetch metrics config: TypeError: Failed to fetch
    at cp.requestDefaultMetricsConfig (http://localhost:8502/static/js/index.D2ZqaFuW.js:22:9814)
    at cp.initialize (http://localhost:8502/static/js/index.D2ZqaFuW.js:22:9158)
    at y.handleInitialization (http://localhost:8502/static/js/index.D2ZqaFuW.js:22:24501)
    at y.handleNewSession (http://localhost:8502/static/js/index.D2ZqaFuW.js:22:23298)
    at Object.newSession (http://localhost:8502/static/js/index.D2ZqaFuW.js:22:18342)
    at t (http://localhost:8502/static/js/index.D2ZqaFuW.js:22:18257)
    at Object.handleMessage [as onMessage] (http://localhost:8502/static/js/index.D2ZqaFuW.js:22:18311)
    at Ku.handleMessage (http://localhost:8502/static/js/index.D2ZqaFuW.js:18:3784) @ http://localhost:8502/static/js/index.D2ZqaFuW.js:21
[   21222ms] [ERROR] Undefined metrics config - deactivating metrics tracking. @ http://localhost:8502/static/js/index.D2ZqaFuW.js:21
[ 3131327ms] [WARNING] WebSocket onclose @ http://localhost:8502/static/js/index.D2ZqaFuW.js:17
[ 3133685ms] [ERROR] Failed to load resource: net::ERR_CONNECTION_REFUSED @ http://localhost:8502/_stcore/health:0
[ 3133686ms] [ERROR] Failed to load resource: net::ERR_CONNECTION_REFUSED @ http://localhost:8502/_stcore/host-config:0
[ 3133952ms] [ERROR] Failed to load resource: net::ERR_CONNECTION_REFUSED @ http://localhost:8502/_stcore/health:0
[ 4571567ms] [WARNING] WebSocket onclose @ http://localhost:8502/static/js/index.D2ZqaFuW.js:17
[ 4573937ms] [ERROR] Failed to load resource: net::ERR_CONNECTION_REFUSED @ http://localhost:8502/_stcore/health:0
[ 4573938ms] [ERROR] Failed to load resource: net::ERR_CONNECTION_REFUSED @ http://localhost:8502/_stcore/host-config:0
[ 4574202ms] [ERROR] Failed to load resource: net::ERR_CONNECTION_REFUSED @ http://localhost:8502/_stcore/health:0
[ 5294958ms] [WARNING] WebSocket onclose @ http://localhost:8502/static/js/index.D2ZqaFuW.js:17
[ 5297317ms] [ERROR] Failed to load resource: net::ERR_CONNECTION_REFUSED @ http://localhost:8502/_stcore/health:0
[ 5297318ms] [ERROR] Failed to load resource: net::ERR_CONNECTION_REFUSED @ http://localhost:8502/_stcore/host-config:0
[ 5297581ms] [ERROR] Failed to load resource: net::ERR_CONNECTION_REFUSED @ http://localhost:8502/_stcore/health:0
[ 5982720ms] [WARNING] WebSocket onclose @ http://localhost:8502/static/js/index.D2ZqaFuW.js:17
[ 5985071ms] [ERROR] Failed to load resource: net::ERR_CONNECTION_REFUSED @ http://localhost:8502/_stcore/health:0
[ 5985071ms] [ERROR] Failed to load resource: net::ERR_CONNECTION_REFUSED @ http://localhost:8502/_stcore/host-config:0
[ 5985349ms] [ERROR] Failed to load resource: net::ERR_CONNECTION_REFUSED @ http://localhost:8502/_stcore/health:0
[ 6770137ms] [WARNING] WebSocket onclose @ http://localhost:8502/static/js/index.D2ZqaFuW.js:17
[ 6772506ms] [ERROR] Failed to load resource: net::ERR_CONNECTION_REFUSED @ http://localhost:8502/_stcore/health:0
[ 6772507ms] [ERROR] Failed to load resource: net::ERR_CONNECTION_REFUSED @ http://localhost:8502/_stcore/host-config:0
[ 6772753ms] [ERROR] Failed to load resource: net::ERR_CONNECTION_REFUSED @ http://localhost:8502/_stcore/health:0
[ 7047801ms] [WARNING] WebSocket onclose @ http://localhost:8502/static/js/index.D2ZqaFuW.js:17
[ 7050150ms] [ERROR] Failed to load resource: net::ERR_CONNECTION_REFUSED @ http://localhost:8502/_stcore/health:0
[ 7050150ms] [ERROR] Failed to load resource: net::ERR_CONNECTION_REFUSED @ http://localhost:8502/_stcore/host-config:0
[ 7050417ms] [ERROR] Failed to load resource: net::ERR_CONNECTION_REFUSED @ http://localhost:8502/_stcore/health:0
